2025-06-13 10:19:17,962 - WarehouseExperiment - INFO - 开始实验...
2025-06-13 10:19:18,010 - WarehouseExperiment - INFO - 生成算例: {'processing_times':      job_id  operation  machine  processing_time  distributor_id
0         0          0        0                9               0
1         0          0        3                9               0
2         0          0        8                4               0
3         0          0        9                7               0
4         0          1        4                7               0
..      ...        ...      ...              ...             ...
167      18          4        7                7               0
168      19          0        3               10               2
169      19          1        1                2               2
170      19          1        3                9               2
171      19          1        7                2               2

[172 rows x 5 columns], 'delivery_requirements':     distributor_id  due_time  ratio  weight                                  jobs
0                0      1260   1.00     1.0  [0, 2, 7, 8, 10, 12, 15, 16, 17, 18]
1                1      1260   0.33     1.0                                [3, 5]
2                1      1410   0.67     1.5                                [3, 5]
3                1      1560   1.00     2.0                                [3, 5]
4                2      1260   0.33     1.0                 [1, 4, 6, 13, 14, 19]
5                2      1410   0.67     1.5                 [1, 4, 6, 13, 14, 19]
6                2      1560   1.00     2.0                 [1, 4, 6, 13, 14, 19]
7                3      1260   0.33     1.0                                  [11]
8                3      1410   0.67     1.5                                  [11]
9                3      1560   1.00     2.0                                  [11]
10               4      1260   0.50     1.0                                   [9]
11               4      1560   1.00     2.0                                   [9], 'available_machines':     job_id  operation available_machines
0        0          0       [0, 3, 8, 9]
1        0          1                [4]
2        0          2                [9]
3        0          3       [1, 5, 8, 9]
4        1          0             [0, 5]
..     ...        ...                ...
64      18          2                [2]
65      18          3                [9]
66      18          4          [0, 5, 7]
67      19          0                [3]
68      19          1          [1, 3, 7]

[69 rows x 3 columns], 'loading_times': {'base': 10, 'per_item': 2}}
2025-06-13 10:19:18,012 - WarehouseExperiment - INFO - 算例生成完成
